[www.annareddy.in/index.html]
[static.parastorage.com/unpkg/core-js-bundle@3.2.1/minified.js]
[static.parastorage.com/unpkg/focus-within-polyfill@5.0.9/dist/focus-within-polyfill.js]
[polyfill.io/v3/polyfill.mind82c.js]
[browser.sentry-cdn.com/6.18.2/bundle.min.js]
[www.annareddy.in/decodeURIComponent(e.4.delayed]
[backblue.gif]
[fade.gif]
[index.html]
[www.annareddy.in/sitemap.5.delayed]
[www.annareddy.in/feed.6.delayed]
[static.parastorage.com/services/wix-thunderbolt/dist/thunderbolt-commons.813c4fe6.bundle.min.js]
[static.parastorage.com/services/wix-thunderbolt/dist/main.c426111a.bundle.min.js]
[static.parastorage.com/unpkg/lodash@4.17.21/lodash.min.js]
[static.parastorage.com/unpkg/react@16.14.0/umd/react.production.min.js]
[static.parastorage.com/services/tag-manager-client/1.705.0/siteTags.bundle.min.js]
[static.parastorage.com/services/wix-perf-measure/1.1058.0/wix-perf-measure.umd.min.js]
[static.parastorage.com/unpkg/react-dom@16.14.0/umd/react-dom.production.min.js]
[static.wixstatic.com/media/bcf059_2e3ec239a2ad47c68a70ff4d424a6ec2_mv2.png/v1/crop/x_0,y_25,w_3464,h_3413/fill/w_548,h_540,al_c,q_85,usm_0.66_1.00_0.01,enc_auto/PicsArt_07-04-02_04_07.png]
[static.wixstatic.com/media/c837a6_831fe7c79e9e45869554588550034ac1_mv2.jpg/v1/fill/w_140,h_87,al_c,q_80,usm_0.66_1.00_0.01,blur_2,enc_auto/c837a6_831fe7c79e9e45869554588550034ac1_mv2.jpg]
[static.wixstatic.com/media/bcf059_96181f083f41484e9e11a15d85210a3b_mv2.png/v1/fill/w_585,h_193,al_c,q_85,usm_0.66_1.00_0.01,enc_auto/REDDY.png]
[static.wixstatic.com/media/bcf059_eaf1ddf93d034615b156ba89a040fc39_mv2.png/v1/fill/w_78,h_117,al_c,q_85,usm_0.66_1.00_0.01,enc_auto/bcf059_eaf1ddf93d034615b156ba89a040fc39_mv2.png]
[static.wixstatic.com/media/bcf059_b50bffab542f400d989bdab843d15f04_mv2.png/v1/fill/w_100,h_117,al_c,q_85,usm_0.66_1.00_0.01,enc_auto/bcf059_b50bffab542f400d989bdab843d15f04_mv2.png]
[static.wixstatic.com/media/bcf059_c93351e1d3fa4416b20ffbcf5c33c42e_mv2.png/v1/fill/w_98,h_117,al_c,q_85,usm_0.66_1.00_0.01,enc_auto/bcf059_c93351e1d3fa4416b20ffbcf5c33c42e_mv2.png]
[static.wixstatic.com/media/bcf059_f7b08d3a2f6f4dc0a40bab007d130e1b_mv2.png/v1/fill/w_400,h_400,al_c,q_85,usm_0.66_1.00_0.01,enc_auto/1200x1200-1.jpg]
[static.wixstatic.com/media/bcf059_9788439771604ce5b9c2072e94b14908_mv2.png/v1/fill/w_75,h_150,al_c,q_85,usm_0.66_1.00_0.01,blur_2,enc_auto/bcf059_9788439771604ce5b9c2072e94b14908_mv2.jpg]
[static.wixstatic.com/media/bcf059_df678863af3c431aa341e0eca5c08853_mv2.jpg/v1/crop/x_0,y_512,w_4379,h_1795/fill/w_225,h_92,al_c,q_80,usm_0.66_1.00_0.01,blur_2,enc_auto/Picsart_22-12-15_02-10-25-856.jpg]
[www.annareddy.in/index.html]
[www.annareddy.in/decodeURIComponent(e.html]
[www.annareddy.in/sitemap.html]
[www.annareddy.in/feed.html]
